** Drc report for ir_spoke_link.kicad_pcb **
** Created on 2026-07-27T20:59:46 **
** Report includes: Errors, Warnings **

** Found 0 DRC violations **

** Found 26 unconnected pads **
[unconnected_items]: Missing connection between items
    Local override; error
    @(3.1300 mm, 3.9200 mm): PTH pad 2 [RX_RMT_GPIO2] of J1
    @(5.9000 mm, 8.0900 mm): Pad 2 [RX_RMT_GPIO2] of R5 on F.Cu
[unconnected_items]: Missing connection between items
    Local override; error
    @(5.9000 mm, 8.0900 mm): Pad 2 [RX_RMT_GPIO2] of R5 on F.Cu
    @(7.9000 mm, 9.0800 mm): Pad 1 [RX_RMT_GPIO2] of C4 on F.Cu
[unconnected_items]: Missing connection between items
    Local override; error
    @(7.9000 mm, 8.1200 mm): Pad 2 [GND] of C4 on F.Cu
    @(7.0000 mm, 14.1625 mm): Pad 3 [GND] of Q1 on F.Cu
[unconnected_items]: Missing connection between items
    Local override; error
    @(9.2500 mm, 5.5000 mm): Pad 6 [GND] of U1 on F.Cu
    @(10.7500 mm, 5.5000 mm): Pad 7 [GND] of U1 on F.Cu
[unconnected_items]: Missing connection between items
    Local override; error
    @(9.2500 mm, 5.5000 mm): Pad 6 [GND] of U1 on F.Cu
    @(7.9000 mm, 8.1200 mm): Pad 2 [GND] of C4 on F.Cu
[unconnected_items]: Missing connection between items
    Local override; error
    @(10.7500 mm, 5.5000 mm): Pad 7 [GND] of U1 on F.Cu
    @(12.2500 mm, 5.5000 mm): Pad 8 [GND] of U1 on F.Cu
[unconnected_items]: Missing connection between items
    Local override; error
    @(10.7500 mm, 5.5000 mm): Pad 7 [GND] of U1 on F.Cu
    @(10.7500 mm, 1.2000 mm): Pad 3 [GND] of U1 on F.Cu
[unconnected_items]: Missing connection between items
    Local override; error
    @(11.5000 mm, 1.2000 mm): Pad 2 [GND] of U1 on F.Cu
    @(10.7500 mm, 1.2000 mm): Pad 3 [GND] of U1 on F.Cu
[unconnected_items]: Missing connection between items
    Local override; error
    @(12.2500 mm, 5.5000 mm): Pad 8 [GND] of U1 on F.Cu
    @(13.7000 mm, 8.1200 mm): Pad 2 [GND] of C3 on F.Cu
[unconnected_items]: Missing connection between items
    Local override; error
    @(14.2000 mm, 11.7200 mm): Pad 2 [GND] of C1 on F.Cu
    @(13.7000 mm, 8.1200 mm): Pad 2 [GND] of C3 on F.Cu
[unconnected_items]: Missing connection between items
    Local override; error
    @(14.2000 mm, 11.7200 mm): Pad 2 [GND] of C1 on F.Cu
    @(18.3700 mm, 14.0800 mm): PTH pad 6 [GND] of J2
[unconnected_items]: Missing connection between items
    Local override; error
    @(15.4000 mm, 7.8250 mm): Pad 2 [GND] of C2 on F.Cu
    @(13.7000 mm, 8.1200 mm): Pad 2 [GND] of C3 on F.Cu
[unconnected_items]: Missing connection between items
    Local override; error
    @(11.4000 mm, 14.8250 mm): Pad 1 [+3V3] of R1 on F.Cu
    @(14.2000 mm, 12.6800 mm): Pad 1 [+3V3] of C1 on F.Cu
[unconnected_items]: Missing connection between items
    Local override; error
    @(13.7000 mm, 6.5100 mm): Pad 1 [+3V3] of R3 on F.Cu
    @(7.8000 mm, 6.5100 mm): Pad 1 [+3V3] of R4 on F.Cu
[unconnected_items]: Missing connection between items
    Local override; error
    @(14.2000 mm, 12.6800 mm): Pad 1 [+3V3] of C1 on F.Cu
    @(13.7000 mm, 6.5100 mm): Pad 1 [+3V3] of R3 on F.Cu
[unconnected_items]: Missing connection between items
    Local override; error
    @(18.3700 mm, 11.5400 mm): PTH pad 5 [+3V3] of J2
    @(14.2000 mm, 12.6800 mm): Pad 1 [+3V3] of C1 on F.Cu
[unconnected_items]: Missing connection between items
    Local override; error
    @(10.0000 mm, 1.2000 mm): Pad 4 [RX_VS_FILTERED] of U1 on F.Cu
    @(9.2500 mm, 1.2000 mm): Pad 5 [RX_VS_FILTERED] of U1 on F.Cu
[unconnected_items]: Missing connection between items
    Local override; error
    @(13.7000 mm, 5.4900 mm): Pad 2 [RX_VS_FILTERED] of R3 on F.Cu
    @(13.7000 mm, 9.0800 mm): Pad 1 [RX_VS_FILTERED] of C3 on F.Cu
[unconnected_items]: Missing connection between items
    Local override; error
    @(13.7000 mm, 5.4900 mm): Pad 2 [RX_VS_FILTERED] of R3 on F.Cu
    @(10.0000 mm, 1.2000 mm): Pad 4 [RX_VS_FILTERED] of U1 on F.Cu
[unconnected_items]: Missing connection between items
    Local override; error
    @(13.7000 mm, 9.0800 mm): Pad 1 [RX_VS_FILTERED] of C3 on F.Cu
    @(15.4000 mm, 9.3750 mm): Pad 1 [RX_VS_FILTERED] of C2 on F.Cu
[unconnected_items]: Missing connection between items
    Local override; error
    @(3.1300 mm, 1.3800 mm): PTH pad 1 [TX_CARRIER_GPIO1] of J1
    @(5.9000 mm, 12.0100 mm): Pad 1 [TX_CARRIER_GPIO1] of R2 on F.Cu
[unconnected_items]: Missing connection between items
    Local override; error
    @(11.4000 mm, 13.1750 mm): Pad 2 [LED_A] of R1 on F.Cu
    @(11.6875 mm, 16.5500 mm): Pad 2 [LED_A] of D1 on F.Cu
[unconnected_items]: Missing connection between items
    Local override; error
    @(7.8000 mm, 5.4900 mm): Pad 2 [RX_RAW_ACTIVE_LOW] of R4 on F.Cu
    @(5.9000 mm, 9.1100 mm): Pad 1 [RX_RAW_ACTIVE_LOW] of R5 on F.Cu
[unconnected_items]: Missing connection between items
    Local override; error
    @(12.2500 mm, 1.2000 mm): Pad 1 [RX_RAW_ACTIVE_LOW] of U1 on F.Cu
    @(7.8000 mm, 5.4900 mm): Pad 2 [RX_RAW_ACTIVE_LOW] of R4 on F.Cu
[unconnected_items]: Missing connection between items
    Local override; error
    @(7.9500 mm, 16.0375 mm): Pad 2 [LED_K] of Q1 on F.Cu
    @(9.8125 mm, 16.5500 mm): Pad 1 [LED_K] of D1 on F.Cu
[unconnected_items]: Missing connection between items
    Local override; error
    @(5.9000 mm, 10.9900 mm): Pad 2 [Q_BASE] of R2 on F.Cu
    @(6.0500 mm, 16.0375 mm): Pad 1 [Q_BASE] of Q1 on F.Cu

** Found 0 Footprint errors **

** Ignored checks **
    - Footprint has no courtyard defined
    - Track endpoint not centered on via
    - Tuning profile track geometries
    - Footprint doesn't match symbol's footprint filters
    - Footprint component type doesn't match footprint pads

** End of Report **
